
> umja-space@0.1.0 build
> next build

Ôû▓ Next.js 16.1.6 (Turbopack)
- Environments: .env

node.exe : ÔÜá The 
"middleware" file 
convention is 
deprecated. Please 
use "proxy" instead. 
Learn more: https://ne
xtjs.org/docs/messages
/middleware-to-proxy
Au caractère Ligne:1 
: 1
+ & "C:\Program Files\
nodejs/node.exe" "C:\U
sers\chris\AppData\Roa
ming\ ...
+ ~~~~~~~~~~~~~~~~~~~~
~~~~~~~~~~~~~~~~~~~~~~
~~~~~~~~~~~~~~~~~~~~~~
~~~~~
    + CategoryInfo    
          : NotSpeci  
  fied: (ÔÜá The "m   
 iddle...leware-to    
-proxy:String) []    
, RemoteException
    + FullyQualifiedE 
   rrorId : NativeCo  
  mmandError
 
  Creating an optimized production build ...
Ô£ô Compiled successfully in 10.4s
  Running TypeScript ...
Failed to compile.

./app/(protected)/user
s/UsersManager.tsx:86:
14
Type error: Argument 
of type '{ name: 
string; email: 
string; role: string; 
password: string; } | 
{ id: string; name: 
string; email: 
string; role: string; 
password: string; }' 
is not assignable to 
parameter of type '{ 
id: string; name: 
string; email: 
string; role: string; 
password?: string | 
undefined; } & { 
name: string; email: 
string; role: string; 
password: string; }'.
  Type '{ name: 
string; email: 
string; role: string; 
password: string; }' 
is not assignable to 
type '{ id: string; 
name: string; email: 
string; role: string; 
password?: string | 
undefined; } & { 
name: string; email: 
string; role: string; 
password: string; }'.
    Property 'id' is 
missing in type '{ 
name: string; email: 
string; role: string; 
password: string; }' 
but required in type 
'{ id: string; name: 
string; email: 
string; role: string; 
password?: string | 
undefined; }'.

[0m [90m 84 |[39m  
       [33m:[39m 
payload[33m;[39m
 [90m 85 |[39m
[31m[1m>[22m[39m[
90m 86 |[39m       ac
tion(actionPayload)[3
3m.[39mthen((result) 
[33m=>[39m {
 [90m    |[39m      
        
[31m[1m^[22m[39m
 [90m 87 |[39m      
   [36mif[39m ([33m
![39mresult[33m.[39
mok) {
 [90m 88 |[39m      
     setError(result[
33m.[39merror)[33m;
[39m
 [90m 89 |[39m      
     [36mreturn[39m
[33m;[39m[0m
Next.js build worker 
exited with code: 1 
and signal: null
